2026-03-08 01:56:09,660 - INFO - Using Device: cuda
2026-03-08 01:56:20,499 - INFO - 

--- Phase 1: Baseline MLP (Underfitting) ---
2026-03-08 01:57:32,053 - INFO - [MLP_Baseline] Epoch 01/05 - Train Loss: 1.6065 - Train Acc: 0.4729 - Test Loss: 1.2211 - Test Acc: 0.5463
2026-03-08 01:57:48,901 - INFO - [MLP_Baseline] Epoch 02/05 - Train Loss: 1.1445 - Train Acc: 0.5568 - Test Loss: 1.1803 - Test Acc: 0.5567
2026-03-08 01:58:05,898 - INFO - [MLP_Baseline] Epoch 03/05 - Train Loss: 1.0466 - Train Acc: 0.6035 - Test Loss: 1.1970 - Test Acc: 0.5580
2026-03-08 01:58:23,213 - INFO - [MLP_Baseline] Epoch 04/05 - Train Loss: 0.9772 - Train Acc: 0.6283 - Test Loss: 1.1671 - Test Acc: 0.5593
2026-03-08 01:58:40,699 - INFO - [MLP_Baseline] Epoch 05/05 - Train Loss: 0.9026 - Train Acc: 0.6603 - Test Loss: 1.2058 - Test Acc: 0.5803
2026-03-08 01:58:40,702 - INFO - 

--- Phase 2: Custom CNN (Golden Rules Architecture) ---
2026-03-08 01:58:58,613 - INFO - [Custom_CNN] Epoch 01/15 - Train Loss: 0.8597 - Train Acc: 0.6714 - Test Loss: 0.5967 - Test Acc: 0.7900
2026-03-08 01:59:16,167 - INFO - [Custom_CNN] Epoch 02/15 - Train Loss: 0.5650 - Train Acc: 0.7983 - Test Loss: 0.5061 - Test Acc: 0.8237
2026-03-08 01:59:33,743 - INFO - [Custom_CNN] Epoch 03/15 - Train Loss: 0.4511 - Train Acc: 0.8391 - Test Loss: 0.4728 - Test Acc: 0.8287
2026-03-08 01:59:51,330 - INFO - [Custom_CNN] Epoch 04/15 - Train Loss: 0.3705 - Train Acc: 0.8662 - Test Loss: 0.4598 - Test Acc: 0.8460
2026-03-08 02:00:08,983 - INFO - [Custom_CNN] Epoch 05/15 - Train Loss: 0.3247 - Train Acc: 0.8809 - Test Loss: 0.4502 - Test Acc: 0.8470
2026-03-08 02:00:26,539 - INFO - [Custom_CNN] Epoch 06/15 - Train Loss: 0.2572 - Train Acc: 0.9069 - Test Loss: 0.5173 - Test Acc: 0.8383
2026-03-08 02:00:44,062 - INFO - [Custom_CNN] Epoch 07/15 - Train Loss: 0.2217 - Train Acc: 0.9215 - Test Loss: 0.5606 - Test Acc: 0.8287
2026-03-08 02:01:01,100 - INFO - [Custom_CNN] Epoch 08/15 - Train Loss: 0.1918 - Train Acc: 0.9314 - Test Loss: 0.6298 - Test Acc: 0.8140
2026-03-08 02:01:18,480 - INFO - [Custom_CNN] Epoch 09/15 - Train Loss: 0.1701 - Train Acc: 0.9397 - Test Loss: 0.5604 - Test Acc: 0.8400
2026-03-08 02:01:43,338 - INFO - [Custom_CNN] Epoch 10/15 - Train Loss: 0.1506 - Train Acc: 0.9453 - Test Loss: 0.5661 - Test Acc: 0.8447
2026-03-08 02:02:09,615 - INFO - [Custom_CNN] Epoch 11/15 - Train Loss: 0.1378 - Train Acc: 0.9523 - Test Loss: 0.5791 - Test Acc: 0.8480
2026-03-08 02:02:32,404 - INFO - [Custom_CNN] Epoch 12/15 - Train Loss: 0.1288 - Train Acc: 0.9543 - Test Loss: 0.6106 - Test Acc: 0.8427
2026-03-08 02:02:49,778 - INFO - [Custom_CNN] Epoch 13/15 - Train Loss: 0.1063 - Train Acc: 0.9619 - Test Loss: 0.5981 - Test Acc: 0.8470
2026-03-08 02:03:06,895 - INFO - [Custom_CNN] Epoch 14/15 - Train Loss: 0.1280 - Train Acc: 0.9591 - Test Loss: 0.6021 - Test Acc: 0.8443
2026-03-08 02:03:24,132 - INFO - [Custom_CNN] Epoch 15/15 - Train Loss: 0.1149 - Train Acc: 0.9617 - Test Loss: 0.6566 - Test Acc: 0.8407
2026-03-08 02:03:24,134 - INFO - 

--- Phase 3: Transfer Learning (Scenario 3-A: FC Only) ---
2026-03-08 02:03:41,646 - INFO - [ResNet_3A] Epoch 01/05 - Train Loss: 0.5328 - Train Acc: 0.8183 - Test Loss: 0.3379 - Test Acc: 0.8817
2026-03-08 02:03:58,589 - INFO - [ResNet_3A] Epoch 02/05 - Train Loss: 0.3540 - Train Acc: 0.8732 - Test Loss: 0.3117 - Test Acc: 0.8917
2026-03-08 02:04:15,546 - INFO - [ResNet_3A] Epoch 03/05 - Train Loss: 0.3350 - Train Acc: 0.8796 - Test Loss: 0.2955 - Test Acc: 0.8953
2026-03-08 02:04:32,327 - INFO - [ResNet_3A] Epoch 04/05 - Train Loss: 0.3091 - Train Acc: 0.8851 - Test Loss: 0.2905 - Test Acc: 0.8967
2026-03-08 02:04:49,053 - INFO - [ResNet_3A] Epoch 05/05 - Train Loss: 0.3119 - Train Acc: 0.8858 - Test Loss: 0.3141 - Test Acc: 0.8883
2026-03-08 02:04:49,055 - INFO - 

--- Phase 4: Transfer Learning (Scenario 3-B: Finetune Final Layers) ---
2026-03-08 02:05:06,907 - INFO - [ResNet_3B] Epoch 01/05 - Train Loss: 0.3055 - Train Acc: 0.8976 - Test Loss: 0.2016 - Test Acc: 0.9307
2026-03-08 02:05:24,476 - INFO - [ResNet_3B] Epoch 02/05 - Train Loss: 0.1248 - Train Acc: 0.9557 - Test Loss: 0.2113 - Test Acc: 0.9263
2026-03-08 02:05:41,919 - INFO - [ResNet_3B] Epoch 03/05 - Train Loss: 0.0509 - Train Acc: 0.9861 - Test Loss: 0.2292 - Test Acc: 0.9287
2026-03-08 02:05:59,396 - INFO - [ResNet_3B] Epoch 04/05 - Train Loss: 0.0255 - Train Acc: 0.9933 - Test Loss: 0.2533 - Test Acc: 0.9250
2026-03-08 02:06:16,965 - INFO - [ResNet_3B] Epoch 05/05 - Train Loss: 0.0185 - Train Acc: 0.9962 - Test Loss: 0.2858 - Test Acc: 0.9283
2026-03-08 02:06:16,976 - INFO - 

--- Plotting Loss Curves ---
2026-03-08 02:06:17,659 - INFO - 

--- Final Evaluation Matrix (Best Model: ResNet 3-B) ---
2026-03-08 02:06:20,733 - INFO - 

Full Evaluation Matrix DataFrame:
|              |   precision |   recall |   f1-score |   support |
|:-------------|------------:|---------:|-----------:|----------:|
| buildings    |      0.9292 |   0.9314 |     0.9303 |  437      |
| forest       |      0.9874 |   0.9916 |     0.9895 |  474      |
| glacier      |      0.9101 |   0.8608 |     0.8848 |  553      |
| mountain     |      0.8947 |   0.8743 |     0.8844 |  525      |
| sea          |      0.9147 |   0.9882 |     0.95   |  510      |
| street       |      0.9399 |   0.9361 |     0.938  |  501      |
| accuracy     |      0.9283 |   0.9283 |     0.9283 |    0.9283 |
| macro avg    |      0.9293 |   0.9304 |     0.9295 | 3000      |
| weighted avg |      0.9282 |   0.9283 |     0.9279 | 3000      |
2026-03-08 02:36:05,567 - INFO - 

--- Plotting Loss Curves ---
2026-03-08 02:36:06,509 - INFO - 

--- Final Evaluation Matrix (Best Model: ResNet 3-B) ---
2026-03-08 02:36:10,870 - INFO - 

Full Evaluation Matrix DataFrame:
|              |   precision |   recall |   f1-score |   support |
|:-------------|------------:|---------:|-----------:|----------:|
| buildings    |      0.9292 |   0.9314 |     0.9303 |  437      |
| forest       |      0.9874 |   0.9916 |     0.9895 |  474      |
| glacier      |      0.9101 |   0.8608 |     0.8848 |  553      |
| mountain     |      0.8947 |   0.8743 |     0.8844 |  525      |
| sea          |      0.9147 |   0.9882 |     0.95   |  510      |
| street       |      0.9399 |   0.9361 |     0.938  |  501      |
| accuracy     |      0.9283 |   0.9283 |     0.9283 |    0.9283 |
| macro avg    |      0.9293 |   0.9304 |     0.9295 | 3000      |
| weighted avg |      0.9282 |   0.9283 |     0.9279 | 3000      |
2026-03-08 02:42:26,136 - INFO - 

--- Phase 0: Sanity Check (Overfitting 1 Batch) ---
2026-03-08 02:42:26,747 - INFO - Sanity Epoch 10/50 - Loss: 0.4543 - Acc: 0.9062
2026-03-08 02:42:26,911 - INFO - Sanity Epoch 20/50 - Loss: 0.2165 - Acc: 0.9062
2026-03-08 02:42:27,073 - INFO - Sanity Epoch 30/50 - Loss: 0.0160 - Acc: 1.0000
2026-03-08 02:42:27,234 - INFO - Sanity Epoch 40/50 - Loss: 0.0093 - Acc: 1.0000
2026-03-08 02:42:27,396 - INFO - Sanity Epoch 50/50 - Loss: 0.0013 - Acc: 1.0000
2026-03-08 02:42:27,398 - INFO - Final Sanity Check Accuracy on 1 batch: 100.00%
2026-03-08 02:43:11,455 - INFO - 

--- Phase 0: Sanity Check (Overfitting 1 Batch) ---
2026-03-08 02:43:12,069 - INFO - Sanity Epoch 10/50 - Loss: 0.1855 - Acc: 0.9375
2026-03-08 02:43:12,236 - INFO - Sanity Epoch 20/50 - Loss: 0.0036 - Acc: 1.0000
2026-03-08 02:43:12,399 - INFO - Sanity Epoch 30/50 - Loss: 0.0002 - Acc: 1.0000
2026-03-08 02:43:12,401 - INFO - Final Sanity Check Accuracy on 1 batch: 100.00%
2026-03-08 02:43:23,589 - INFO - 

--- Phase 0: Sanity Check (Overfitting 1 Batch) ---
2026-03-08 02:43:24,182 - INFO - Sanity Epoch 10/50 - Loss: 0.4004 - Acc: 0.9062
2026-03-08 02:43:24,353 - INFO - Sanity Epoch 20/50 - Loss: 0.0282 - Acc: 1.0000
2026-03-08 02:43:24,355 - INFO - Final Sanity Check Accuracy on 1 batch: 100.00%
2026-03-08 02:43:50,877 - INFO - 

--- Phase 0: Sanity Check (Overfitting 1 Batch) ---
2026-03-08 02:43:51,457 - INFO - Sanity Epoch 10/50 - Loss: 0.4435 - Acc: 0.9375
2026-03-08 02:43:51,459 - INFO - Final Sanity Check Accuracy on 1 batch: 93.75%
2026-03-08 02:44:10,249 - INFO - 

--- Phase 0: Sanity Check (Overfitting 1 Batch) ---
2026-03-08 02:44:10,860 - INFO - Sanity Epoch 10/50 - Loss: 0.1190 - Acc: 1.0000
2026-03-08 02:44:10,944 - INFO - Final Sanity Check Accuracy on 1 batch: 100.00%
2026-03-08 02:46:22,444 - INFO - 

--- Phase 0: Sanity Check (Overfitting 1 Batch) ---
2026-03-08 02:46:22,871 - INFO - Sanity Epoch 01/15 - Loss: 1.7856 - Acc: 0.1562
2026-03-08 02:46:22,898 - INFO - Sanity Epoch 02/15 - Loss: 1.7544 - Acc: 0.2500
2026-03-08 02:46:22,924 - INFO - Sanity Epoch 03/15 - Loss: 1.6275 - Acc: 0.3750
2026-03-08 02:46:22,950 - INFO - Sanity Epoch 04/15 - Loss: 1.3013 - Acc: 0.7500
2026-03-08 02:46:22,977 - INFO - Sanity Epoch 05/15 - Loss: 1.0635 - Acc: 0.6562
2026-03-08 02:46:23,004 - INFO - Sanity Epoch 06/15 - Loss: 0.8111 - Acc: 0.7500
2026-03-08 02:46:23,030 - INFO - Sanity Epoch 07/15 - Loss: 0.5858 - Acc: 0.8438
2026-03-08 02:46:23,054 - INFO - Sanity Epoch 08/15 - Loss: 0.4474 - Acc: 0.8750
2026-03-08 02:46:23,073 - INFO - Sanity Epoch 09/15 - Loss: 0.2548 - Acc: 0.9688
2026-03-08 02:46:23,091 - INFO - Sanity Epoch 10/15 - Loss: 0.2089 - Acc: 1.0000
2026-03-08 02:46:23,108 - INFO - Sanity Epoch 11/15 - Loss: 0.1103 - Acc: 1.0000
2026-03-08 02:46:23,126 - INFO - Sanity Epoch 12/15 - Loss: 0.0825 - Acc: 1.0000
2026-03-08 02:46:23,143 - INFO - Sanity Epoch 13/15 - Loss: 0.1826 - Acc: 0.9375
2026-03-08 02:46:23,161 - INFO - Sanity Epoch 14/15 - Loss: 0.0227 - Acc: 1.0000
2026-03-08 02:46:23,179 - INFO - Sanity Epoch 15/15 - Loss: 0.0262 - Acc: 1.0000
2026-03-08 02:46:23,181 - INFO - Final Sanity Check Accuracy on 1 batch: 100.00%
2026-03-08 02:49:23,039 - INFO - 

--- Phase 0: Sanity Check (Overfitting 1 Batch) ---
2026-03-08 02:49:23,428 - INFO - Sanity Epoch 01/15 - Loss: 1.7728 - Acc: 0.1875
2026-03-08 02:49:23,454 - INFO - Sanity Epoch 02/15 - Loss: 1.9476 - Acc: 0.3750
2026-03-08 02:49:23,480 - INFO - Sanity Epoch 03/15 - Loss: 2.1067 - Acc: 0.2188
2026-03-08 02:49:23,505 - INFO - Sanity Epoch 04/15 - Loss: 1.1942 - Acc: 0.4688
2026-03-08 02:49:23,530 - INFO - Sanity Epoch 05/15 - Loss: 1.1290 - Acc: 0.5312
2026-03-08 02:49:23,556 - INFO - Sanity Epoch 06/15 - Loss: 1.0838 - Acc: 0.5625
2026-03-08 02:49:23,581 - INFO - Sanity Epoch 07/15 - Loss: 0.8952 - Acc: 0.7188
2026-03-08 02:49:23,600 - INFO - Sanity Epoch 08/15 - Loss: 0.6240 - Acc: 0.9062
2026-03-08 02:49:23,617 - INFO - Sanity Epoch 09/15 - Loss: 0.5963 - Acc: 0.8125
2026-03-08 02:49:23,634 - INFO - Sanity Epoch 10/15 - Loss: 0.4580 - Acc: 0.8438
2026-03-08 02:49:23,652 - INFO - Sanity Epoch 11/15 - Loss: 0.3254 - Acc: 0.9375
2026-03-08 02:49:23,669 - INFO - Sanity Epoch 12/15 - Loss: 0.2107 - Acc: 1.0000
2026-03-08 02:49:23,687 - INFO - Sanity Epoch 13/15 - Loss: 0.1997 - Acc: 0.9375
2026-03-08 02:49:23,704 - INFO - Sanity Epoch 14/15 - Loss: 0.1465 - Acc: 1.0000
2026-03-08 02:49:23,721 - INFO - Sanity Epoch 15/15 - Loss: 0.2101 - Acc: 0.9375
2026-03-08 02:49:23,722 - INFO - Final Sanity Check Accuracy on 1 batch: 93.75%
2026-03-08 02:50:01,559 - INFO - 

--- Phase 0: Sanity Check (Overfitting 1 Batch) ---
2026-03-08 02:50:01,947 - INFO - Sanity Epoch 01/12 - Loss: 1.7811 - Acc: 0.2500
2026-03-08 02:50:01,973 - INFO - Sanity Epoch 02/12 - Loss: 2.1686 - Acc: 0.3750
2026-03-08 02:50:01,999 - INFO - Sanity Epoch 03/12 - Loss: 2.2718 - Acc: 0.2812
2026-03-08 02:50:02,024 - INFO - Sanity Epoch 04/12 - Loss: 1.7300 - Acc: 0.2500
2026-03-08 02:50:02,050 - INFO - Sanity Epoch 05/12 - Loss: 1.4855 - Acc: 0.4688
2026-03-08 02:50:02,075 - INFO - Sanity Epoch 06/12 - Loss: 1.3269 - Acc: 0.4688
2026-03-08 02:50:02,100 - INFO - Sanity Epoch 07/12 - Loss: 1.1679 - Acc: 0.6562
2026-03-08 02:50:02,119 - INFO - Sanity Epoch 08/12 - Loss: 1.0424 - Acc: 0.6562
2026-03-08 02:50:02,137 - INFO - Sanity Epoch 09/12 - Loss: 0.9439 - Acc: 0.5938
2026-03-08 02:50:02,154 - INFO - Sanity Epoch 10/12 - Loss: 0.8839 - Acc: 0.5938
2026-03-08 02:50:02,172 - INFO - Sanity Epoch 11/12 - Loss: 0.7940 - Acc: 0.7812
2026-03-08 02:50:02,189 - INFO - Sanity Epoch 12/12 - Loss: 0.6538 - Acc: 0.8125
2026-03-08 02:50:02,191 - INFO - Final Sanity Check Accuracy on 1 batch: 81.25%
2026-03-08 02:51:19,212 - INFO - 

--- Phase 0: Sanity Check (Overfitting 1 Batch) ---
2026-03-08 02:51:19,684 - INFO - Sanity Epoch 05/20 - Loss: 1.2917 - Acc: 0.5312
2026-03-08 02:51:19,785 - INFO - Sanity Epoch 10/20 - Loss: 0.4955 - Acc: 0.8750
2026-03-08 02:51:19,876 - INFO - Sanity Epoch 15/20 - Loss: 0.0541 - Acc: 1.0000
2026-03-08 02:51:19,964 - INFO - Sanity Epoch 20/20 - Loss: 0.0030 - Acc: 1.0000
2026-03-08 02:51:19,966 - INFO - Final Sanity Check Accuracy on 1 batch: 100.00%
2026-03-08 02:51:35,073 - INFO - 

--- Phase 0: Sanity Check (Overfitting 1 Batch) ---
2026-03-08 02:51:35,502 - INFO - Sanity Epoch 05/15 - Loss: 1.2917 - Acc: 0.5312
2026-03-08 02:51:35,611 - INFO - Sanity Epoch 10/15 - Loss: 0.4955 - Acc: 0.8750
2026-03-08 02:51:35,699 - INFO - Sanity Epoch 15/15 - Loss: 0.0541 - Acc: 1.0000
2026-03-08 02:51:35,702 - INFO - Final Sanity Check Accuracy on 1 batch: 100.00%
2026-03-08 02:51:58,720 - INFO - Using Device: cuda
2026-03-08 02:52:13,299 - INFO - 

--- Phase 1: Baseline MLP (Underfitting) ---
2026-03-08 02:52:30,584 - INFO - [MLP_Baseline] Epoch 01/05 - Train Loss: 1.6065 - Train Acc: 0.4729 - Test Loss: 1.2211 - Test Acc: 0.5463
2026-03-08 02:52:47,810 - INFO - [MLP_Baseline] Epoch 02/05 - Train Loss: 1.1445 - Train Acc: 0.5568 - Test Loss: 1.1803 - Test Acc: 0.5567
2026-03-08 02:53:04,686 - INFO - [MLP_Baseline] Epoch 03/05 - Train Loss: 1.0466 - Train Acc: 0.6035 - Test Loss: 1.1970 - Test Acc: 0.5580
2026-03-08 02:53:21,900 - INFO - [MLP_Baseline] Epoch 04/05 - Train Loss: 0.9772 - Train Acc: 0.6283 - Test Loss: 1.1671 - Test Acc: 0.5593
2026-03-08 02:53:38,824 - INFO - [MLP_Baseline] Epoch 05/05 - Train Loss: 0.9026 - Train Acc: 0.6603 - Test Loss: 1.2058 - Test Acc: 0.5803
2026-03-08 02:53:38,827 - INFO - 

--- Phase 2: Custom CNN (Golden Rules Architecture) ---
2026-03-08 02:53:56,212 - INFO - [Custom_CNN] Epoch 01/15 - Train Loss: 0.8597 - Train Acc: 0.6714 - Test Loss: 0.5967 - Test Acc: 0.7900
2026-03-08 02:54:13,311 - INFO - [Custom_CNN] Epoch 02/15 - Train Loss: 0.5650 - Train Acc: 0.7983 - Test Loss: 0.5061 - Test Acc: 0.8237
2026-03-08 02:54:30,282 - INFO - [Custom_CNN] Epoch 03/15 - Train Loss: 0.4511 - Train Acc: 0.8391 - Test Loss: 0.4728 - Test Acc: 0.8287
2026-03-08 02:54:47,361 - INFO - [Custom_CNN] Epoch 04/15 - Train Loss: 0.3705 - Train Acc: 0.8662 - Test Loss: 0.4598 - Test Acc: 0.8460
2026-03-08 02:55:04,044 - INFO - [Custom_CNN] Epoch 05/15 - Train Loss: 0.3247 - Train Acc: 0.8809 - Test Loss: 0.4502 - Test Acc: 0.8470
2026-03-08 02:55:21,185 - INFO - [Custom_CNN] Epoch 06/15 - Train Loss: 0.2572 - Train Acc: 0.9069 - Test Loss: 0.5173 - Test Acc: 0.8383
2026-03-08 02:55:38,232 - INFO - [Custom_CNN] Epoch 07/15 - Train Loss: 0.2217 - Train Acc: 0.9215 - Test Loss: 0.5606 - Test Acc: 0.8287
2026-03-08 02:55:55,343 - INFO - [Custom_CNN] Epoch 08/15 - Train Loss: 0.1918 - Train Acc: 0.9314 - Test Loss: 0.6298 - Test Acc: 0.8140
2026-03-08 02:56:12,464 - INFO - [Custom_CNN] Epoch 09/15 - Train Loss: 0.1701 - Train Acc: 0.9397 - Test Loss: 0.5604 - Test Acc: 0.8400
2026-03-08 02:56:29,486 - INFO - [Custom_CNN] Epoch 10/15 - Train Loss: 0.1506 - Train Acc: 0.9453 - Test Loss: 0.5661 - Test Acc: 0.8447
2026-03-08 02:56:46,439 - INFO - [Custom_CNN] Epoch 11/15 - Train Loss: 0.1378 - Train Acc: 0.9523 - Test Loss: 0.5791 - Test Acc: 0.8480
2026-03-08 02:57:03,828 - INFO - [Custom_CNN] Epoch 12/15 - Train Loss: 0.1288 - Train Acc: 0.9543 - Test Loss: 0.6106 - Test Acc: 0.8427
2026-03-08 02:57:21,400 - INFO - [Custom_CNN] Epoch 13/15 - Train Loss: 0.1063 - Train Acc: 0.9619 - Test Loss: 0.5981 - Test Acc: 0.8470
2026-03-08 02:57:38,863 - INFO - [Custom_CNN] Epoch 14/15 - Train Loss: 0.1280 - Train Acc: 0.9591 - Test Loss: 0.6021 - Test Acc: 0.8443
2026-03-08 02:57:56,475 - INFO - [Custom_CNN] Epoch 15/15 - Train Loss: 0.1149 - Train Acc: 0.9617 - Test Loss: 0.6566 - Test Acc: 0.8407
2026-03-08 02:57:56,478 - INFO - 

--- Phase 3: Transfer Learning (Scenario 3-A: FC Only) ---
2026-03-08 02:58:14,404 - INFO - [ResNet_3A] Epoch 01/05 - Train Loss: 0.5328 - Train Acc: 0.8183 - Test Loss: 0.3379 - Test Acc: 0.8817
2026-03-08 02:58:31,864 - INFO - [ResNet_3A] Epoch 02/05 - Train Loss: 0.3540 - Train Acc: 0.8732 - Test Loss: 0.3117 - Test Acc: 0.8917
2026-03-08 02:58:49,212 - INFO - [ResNet_3A] Epoch 03/05 - Train Loss: 0.3350 - Train Acc: 0.8796 - Test Loss: 0.2955 - Test Acc: 0.8953
2026-03-08 02:59:06,763 - INFO - [ResNet_3A] Epoch 04/05 - Train Loss: 0.3091 - Train Acc: 0.8851 - Test Loss: 0.2905 - Test Acc: 0.8967
2026-03-08 02:59:23,592 - INFO - [ResNet_3A] Epoch 05/05 - Train Loss: 0.3119 - Train Acc: 0.8858 - Test Loss: 0.3141 - Test Acc: 0.8883
2026-03-08 02:59:23,595 - INFO - 

--- Phase 4: Transfer Learning (Scenario 3-B: Finetune Final Layers) ---
2026-03-08 02:59:41,296 - INFO - [ResNet_3B] Epoch 01/05 - Train Loss: 0.3055 - Train Acc: 0.8976 - Test Loss: 0.2016 - Test Acc: 0.9307
2026-03-08 02:59:58,841 - INFO - [ResNet_3B] Epoch 02/05 - Train Loss: 0.1248 - Train Acc: 0.9557 - Test Loss: 0.2113 - Test Acc: 0.9263
2026-03-08 03:00:16,719 - INFO - [ResNet_3B] Epoch 03/05 - Train Loss: 0.0509 - Train Acc: 0.9861 - Test Loss: 0.2292 - Test Acc: 0.9287
2026-03-08 03:00:34,605 - INFO - [ResNet_3B] Epoch 04/05 - Train Loss: 0.0255 - Train Acc: 0.9933 - Test Loss: 0.2533 - Test Acc: 0.9250
2026-03-08 03:00:52,201 - INFO - [ResNet_3B] Epoch 05/05 - Train Loss: 0.0185 - Train Acc: 0.9962 - Test Loss: 0.2858 - Test Acc: 0.9283
2026-03-08 03:08:11,986 - INFO - 

--- Plotting Loss Curves ---
2026-03-08 03:08:12,700 - INFO - 

--- Final Evaluation Matrix (Best Model: ResNet 3-B) ---
2026-03-08 03:08:17,115 - INFO - 

Full Evaluation Matrix DataFrame:
|              |   precision |   recall |   f1-score |   support |
|:-------------|------------:|---------:|-----------:|----------:|
| buildings    |      0.9292 |   0.9314 |     0.9303 |  437      |
| forest       |      0.9874 |   0.9916 |     0.9895 |  474      |
| glacier      |      0.9101 |   0.8608 |     0.8848 |  553      |
| mountain     |      0.8947 |   0.8743 |     0.8844 |  525      |
| sea          |      0.9147 |   0.9882 |     0.95   |  510      |
| street       |      0.9399 |   0.9361 |     0.938  |  501      |
| accuracy     |      0.9283 |   0.9283 |     0.9283 |    0.9283 |
| macro avg    |      0.9293 |   0.9304 |     0.9295 | 3000      |
| weighted avg |      0.9282 |   0.9283 |     0.9279 | 3000      |
2026-03-08 03:15:30,342 - INFO - 

--- Phase 1: Baseline MLP (Underfitting) ---
2026-03-08 03:15:49,109 - INFO - [MLP_Baseline] Epoch 01/15 - Train Loss: 1.6065 - Train Acc: 0.4729 - Test Loss: 1.2211 - Test Acc: 0.5463
2026-03-08 03:16:06,557 - INFO - [MLP_Baseline] Epoch 02/15 - Train Loss: 1.1445 - Train Acc: 0.5568 - Test Loss: 1.1803 - Test Acc: 0.5567
2026-03-08 03:16:23,847 - INFO - [MLP_Baseline] Epoch 03/15 - Train Loss: 1.0466 - Train Acc: 0.6035 - Test Loss: 1.1970 - Test Acc: 0.5580
2026-03-08 03:16:40,886 - INFO - [MLP_Baseline] Epoch 04/15 - Train Loss: 0.9772 - Train Acc: 0.6283 - Test Loss: 1.1671 - Test Acc: 0.5593
2026-03-08 03:16:57,991 - INFO - [MLP_Baseline] Epoch 05/15 - Train Loss: 0.9026 - Train Acc: 0.6603 - Test Loss: 1.2058 - Test Acc: 0.5803
2026-03-08 03:17:14,875 - INFO - [MLP_Baseline] Epoch 06/15 - Train Loss: 0.8432 - Train Acc: 0.6836 - Test Loss: 1.3571 - Test Acc: 0.5560
2026-03-08 03:17:31,826 - INFO - [MLP_Baseline] Epoch 07/15 - Train Loss: 0.7899 - Train Acc: 0.7039 - Test Loss: 1.3628 - Test Acc: 0.5723
2026-03-08 03:17:49,094 - INFO - [MLP_Baseline] Epoch 08/15 - Train Loss: 0.7542 - Train Acc: 0.7189 - Test Loss: 1.3990 - Test Acc: 0.5387
2026-03-08 03:18:06,186 - INFO - [MLP_Baseline] Epoch 09/15 - Train Loss: 0.6988 - Train Acc: 0.7420 - Test Loss: 1.2985 - Test Acc: 0.5793
2026-03-08 03:18:23,160 - INFO - [MLP_Baseline] Epoch 10/15 - Train Loss: 0.6609 - Train Acc: 0.7626 - Test Loss: 1.4915 - Test Acc: 0.5787
2026-03-08 03:18:40,173 - INFO - [MLP_Baseline] Epoch 11/15 - Train Loss: 0.6388 - Train Acc: 0.7683 - Test Loss: 1.5027 - Test Acc: 0.5657
2026-03-08 03:18:57,686 - INFO - [MLP_Baseline] Epoch 12/15 - Train Loss: 0.6051 - Train Acc: 0.7805 - Test Loss: 1.5468 - Test Acc: 0.5933
2026-03-08 03:19:15,087 - INFO - [MLP_Baseline] Epoch 13/15 - Train Loss: 0.5607 - Train Acc: 0.7973 - Test Loss: 1.5459 - Test Acc: 0.5883
2026-03-08 03:19:32,273 - INFO - [MLP_Baseline] Epoch 14/15 - Train Loss: 0.5538 - Train Acc: 0.7976 - Test Loss: 1.8145 - Test Acc: 0.5933
2026-03-08 03:19:50,163 - INFO - [MLP_Baseline] Epoch 15/15 - Train Loss: 0.4916 - Train Acc: 0.8221 - Test Loss: 1.5710 - Test Acc: 0.5793
2026-03-08 03:19:50,172 - INFO - 

--- Phase 2: Custom CNN (Golden Rules Architecture) ---
2026-03-08 03:20:07,823 - INFO - [Custom_CNN] Epoch 01/20 - Train Loss: 0.8964 - Train Acc: 0.6594 - Test Loss: 0.6722 - Test Acc: 0.7513
2026-03-08 03:20:25,507 - INFO - [Custom_CNN] Epoch 02/20 - Train Loss: 0.5914 - Train Acc: 0.7876 - Test Loss: 0.5874 - Test Acc: 0.7933
2026-03-08 03:20:43,071 - INFO - [Custom_CNN] Epoch 03/20 - Train Loss: 0.4633 - Train Acc: 0.8342 - Test Loss: 0.5426 - Test Acc: 0.8093
2026-03-08 03:21:00,954 - INFO - [Custom_CNN] Epoch 04/20 - Train Loss: 0.3834 - Train Acc: 0.8592 - Test Loss: 0.5183 - Test Acc: 0.8193
2026-03-08 03:21:19,221 - INFO - [Custom_CNN] Epoch 05/20 - Train Loss: 0.3143 - Train Acc: 0.8871 - Test Loss: 0.5125 - Test Acc: 0.8317
2026-03-08 03:21:37,151 - INFO - [Custom_CNN] Epoch 06/20 - Train Loss: 0.2588 - Train Acc: 0.9052 - Test Loss: 0.5235 - Test Acc: 0.8263
2026-03-08 03:21:55,123 - INFO - [Custom_CNN] Epoch 07/20 - Train Loss: 0.2149 - Train Acc: 0.9243 - Test Loss: 0.5404 - Test Acc: 0.8303
2026-03-08 03:22:12,452 - INFO - [Custom_CNN] Epoch 08/20 - Train Loss: 0.1953 - Train Acc: 0.9338 - Test Loss: 0.5684 - Test Acc: 0.8367
2026-03-08 03:22:29,598 - INFO - [Custom_CNN] Epoch 09/20 - Train Loss: 0.1671 - Train Acc: 0.9411 - Test Loss: 0.5967 - Test Acc: 0.8293
2026-03-08 03:22:46,845 - INFO - [Custom_CNN] Epoch 10/20 - Train Loss: 0.1589 - Train Acc: 0.9446 - Test Loss: 0.6644 - Test Acc: 0.8240
2026-03-08 03:23:04,012 - INFO - [Custom_CNN] Epoch 11/20 - Train Loss: 0.1413 - Train Acc: 0.9505 - Test Loss: 0.6391 - Test Acc: 0.8297
2026-03-08 03:23:21,150 - INFO - [Custom_CNN] Epoch 12/20 - Train Loss: 0.1212 - Train Acc: 0.9600 - Test Loss: 0.6837 - Test Acc: 0.8393
2026-03-08 03:23:38,708 - INFO - [Custom_CNN] Epoch 13/20 - Train Loss: 0.1220 - Train Acc: 0.9593 - Test Loss: 0.6132 - Test Acc: 0.8383
2026-03-08 03:23:56,584 - INFO - [Custom_CNN] Epoch 14/20 - Train Loss: 0.1182 - Train Acc: 0.9593 - Test Loss: 0.6765 - Test Acc: 0.8380
2026-03-08 03:24:14,000 - INFO - [Custom_CNN] Epoch 15/20 - Train Loss: 0.1259 - Train Acc: 0.9571 - Test Loss: 0.6446 - Test Acc: 0.8350
2026-03-08 03:24:31,597 - INFO - [Custom_CNN] Epoch 16/20 - Train Loss: 0.1067 - Train Acc: 0.9647 - Test Loss: 0.6768 - Test Acc: 0.8350
2026-03-08 03:24:48,802 - INFO - [Custom_CNN] Epoch 17/20 - Train Loss: 0.1017 - Train Acc: 0.9674 - Test Loss: 0.6649 - Test Acc: 0.8387
2026-03-08 03:25:06,237 - INFO - [Custom_CNN] Epoch 18/20 - Train Loss: 0.0898 - Train Acc: 0.9691 - Test Loss: 0.7038 - Test Acc: 0.8230
2026-03-08 03:25:23,882 - INFO - [Custom_CNN] Epoch 19/20 - Train Loss: 0.1044 - Train Acc: 0.9648 - Test Loss: 0.7419 - Test Acc: 0.8303
2026-03-08 03:25:41,256 - INFO - [Custom_CNN] Epoch 20/20 - Train Loss: 0.0985 - Train Acc: 0.9676 - Test Loss: 0.7682 - Test Acc: 0.8270
2026-03-08 03:25:41,265 - INFO - 

--- Phase 3: Transfer Learning (Scenario 3-A: FC Only) ---
2026-03-08 03:25:59,741 - INFO - [ResNet_3A] Epoch 01/10 - Train Loss: 1.1844 - Train Acc: 0.6100 - Test Loss: 0.7586 - Test Acc: 0.8060
2026-03-08 03:26:17,787 - INFO - [ResNet_3A] Epoch 02/10 - Train Loss: 0.6607 - Train Acc: 0.8232 - Test Loss: 0.5320 - Test Acc: 0.8577
2026-03-08 03:26:35,505 - INFO - [ResNet_3A] Epoch 03/10 - Train Loss: 0.5138 - Train Acc: 0.8504 - Test Loss: 0.4423 - Test Acc: 0.8727
2026-03-08 03:26:52,955 - INFO - [ResNet_3A] Epoch 04/10 - Train Loss: 0.4499 - Train Acc: 0.8638 - Test Loss: 0.3959 - Test Acc: 0.8793
2026-03-08 03:27:10,534 - INFO - [ResNet_3A] Epoch 05/10 - Train Loss: 0.4179 - Train Acc: 0.8668 - Test Loss: 0.3796 - Test Acc: 0.8823
2026-03-08 03:27:28,289 - INFO - [ResNet_3A] Epoch 06/10 - Train Loss: 0.3949 - Train Acc: 0.8680 - Test Loss: 0.3610 - Test Acc: 0.8843
2026-03-08 03:27:45,677 - INFO - [ResNet_3A] Epoch 07/10 - Train Loss: 0.3795 - Train Acc: 0.8769 - Test Loss: 0.3467 - Test Acc: 0.8863
2026-03-08 03:28:03,272 - INFO - [ResNet_3A] Epoch 08/10 - Train Loss: 0.3626 - Train Acc: 0.8792 - Test Loss: 0.3400 - Test Acc: 0.8870
2026-03-08 03:28:21,047 - INFO - [ResNet_3A] Epoch 09/10 - Train Loss: 0.3495 - Train Acc: 0.8811 - Test Loss: 0.3266 - Test Acc: 0.8927
2026-03-08 03:28:38,574 - INFO - [ResNet_3A] Epoch 10/10 - Train Loss: 0.3450 - Train Acc: 0.8809 - Test Loss: 0.3200 - Test Acc: 0.8963
2026-03-08 03:28:38,583 - INFO - 

--- Phase 4: Transfer Learning (Scenario 3-B: Finetune Final Layers) ---
2026-03-08 03:28:56,863 - INFO - [ResNet_3B] Epoch 01/10 - Train Loss: 0.3523 - Train Acc: 0.8801 - Test Loss: 0.2065 - Test Acc: 0.9283
2026-03-08 03:29:14,861 - INFO - [ResNet_3B] Epoch 02/10 - Train Loss: 0.1472 - Train Acc: 0.9513 - Test Loss: 0.2115 - Test Acc: 0.9283
2026-03-08 03:29:32,914 - INFO - [ResNet_3B] Epoch 03/10 - Train Loss: 0.0783 - Train Acc: 0.9773 - Test Loss: 0.2101 - Test Acc: 0.9323
2026-03-08 03:29:50,759 - INFO - [ResNet_3B] Epoch 04/10 - Train Loss: 0.0402 - Train Acc: 0.9899 - Test Loss: 0.2122 - Test Acc: 0.9353
2026-03-08 03:30:08,878 - INFO - [ResNet_3B] Epoch 05/10 - Train Loss: 0.0243 - Train Acc: 0.9946 - Test Loss: 0.2282 - Test Acc: 0.9353
2026-03-08 03:30:26,728 - INFO - [ResNet_3B] Epoch 06/10 - Train Loss: 0.0188 - Train Acc: 0.9957 - Test Loss: 0.2348 - Test Acc: 0.9337
2026-03-08 03:30:44,367 - INFO - [ResNet_3B] Epoch 07/10 - Train Loss: 0.0138 - Train Acc: 0.9968 - Test Loss: 0.2663 - Test Acc: 0.9300
2026-03-08 03:31:02,224 - INFO - [ResNet_3B] Epoch 08/10 - Train Loss: 0.0120 - Train Acc: 0.9974 - Test Loss: 0.2721 - Test Acc: 0.9300
2026-03-08 03:31:20,325 - INFO - [ResNet_3B] Epoch 09/10 - Train Loss: 0.0098 - Train Acc: 0.9975 - Test Loss: 0.2955 - Test Acc: 0.9270
2026-03-08 03:31:38,165 - INFO - [ResNet_3B] Epoch 10/10 - Train Loss: 0.0099 - Train Acc: 0.9971 - Test Loss: 0.2990 - Test Acc: 0.9253
2026-03-08 03:31:38,175 - INFO - 

--- Plotting Loss Curves ---
2026-03-08 03:31:38,816 - INFO - 

--- Final Evaluation Matrix (Best Model: ResNet 3-B) ---
2026-03-08 03:31:41,931 - INFO - 

Full Evaluation Matrix DataFrame:
|              |   precision |   recall |   f1-score |   support |
|:-------------|------------:|---------:|-----------:|----------:|
| buildings    |      0.921  |   0.9336 |     0.9273 |  437      |
| forest       |      0.9958 |   0.9916 |     0.9937 |  474      |
| glacier      |      0.9157 |   0.8246 |     0.8677 |  553      |
| mountain     |      0.8485 |   0.9067 |     0.8766 |  525      |
| sea          |      0.9414 |   0.9765 |     0.9586 |  510      |
| street       |      0.9416 |   0.9341 |     0.9379 |  501      |
| accuracy     |      0.9253 |   0.9253 |     0.9253 |    0.9253 |
| macro avg    |      0.9273 |   0.9278 |     0.927  | 3000      |
| weighted avg |      0.9261 |   0.9253 |     0.925  | 3000      |
2026-03-08 03:34:54,613 - INFO - 

--- Phase 3: Transfer Learning (Scenario 3-A: FC Only) ---
2026-03-08 03:35:13,460 - INFO - [ResNet_3A] Epoch 01/30 - Train Loss: 1.2178 - Train Acc: 0.5908 - Test Loss: 0.7804 - Test Acc: 0.8003
2026-03-08 03:35:32,384 - INFO - [ResNet_3A] Epoch 02/30 - Train Loss: 0.6776 - Train Acc: 0.8154 - Test Loss: 0.5385 - Test Acc: 0.8500
2026-03-08 03:35:50,982 - INFO - [ResNet_3A] Epoch 03/30 - Train Loss: 0.5317 - Train Acc: 0.8444 - Test Loss: 0.4461 - Test Acc: 0.8670
2026-03-08 03:36:09,257 - INFO - [ResNet_3A] Epoch 04/30 - Train Loss: 0.4608 - Train Acc: 0.8561 - Test Loss: 0.4080 - Test Acc: 0.8713
2026-03-08 03:36:29,061 - INFO - [ResNet_3A] Epoch 05/30 - Train Loss: 0.4221 - Train Acc: 0.8635 - Test Loss: 0.3782 - Test Acc: 0.8810
2026-03-08 03:36:47,468 - INFO - [ResNet_3A] Epoch 06/30 - Train Loss: 0.3966 - Train Acc: 0.8724 - Test Loss: 0.3582 - Test Acc: 0.8800
2026-03-08 03:37:05,966 - INFO - [ResNet_3A] Epoch 07/30 - Train Loss: 0.3802 - Train Acc: 0.8704 - Test Loss: 0.3477 - Test Acc: 0.8830
2026-03-08 03:37:24,946 - INFO - [ResNet_3A] Epoch 08/30 - Train Loss: 0.3658 - Train Acc: 0.8786 - Test Loss: 0.3326 - Test Acc: 0.8883
2026-03-08 03:37:44,199 - INFO - [ResNet_3A] Epoch 09/30 - Train Loss: 0.3596 - Train Acc: 0.8805 - Test Loss: 0.3269 - Test Acc: 0.8903
2026-03-08 03:38:02,909 - INFO - [ResNet_3A] Epoch 10/30 - Train Loss: 0.3494 - Train Acc: 0.8804 - Test Loss: 0.3223 - Test Acc: 0.8880
2026-03-08 03:38:21,537 - INFO - [ResNet_3A] Epoch 11/30 - Train Loss: 0.3391 - Train Acc: 0.8856 - Test Loss: 0.3114 - Test Acc: 0.8890
2026-03-08 03:38:40,275 - INFO - [ResNet_3A] Epoch 12/30 - Train Loss: 0.3373 - Train Acc: 0.8816 - Test Loss: 0.3071 - Test Acc: 0.8930
2026-03-08 03:38:59,022 - INFO - [ResNet_3A] Epoch 13/30 - Train Loss: 0.3304 - Train Acc: 0.8839 - Test Loss: 0.3056 - Test Acc: 0.8963
2026-03-08 03:39:17,241 - INFO - [ResNet_3A] Epoch 14/30 - Train Loss: 0.3270 - Train Acc: 0.8871 - Test Loss: 0.3032 - Test Acc: 0.8963
2026-03-08 03:39:35,768 - INFO - [ResNet_3A] Epoch 15/30 - Train Loss: 0.3264 - Train Acc: 0.8835 - Test Loss: 0.3031 - Test Acc: 0.8940
2026-03-08 03:39:54,505 - INFO - [ResNet_3A] Epoch 16/30 - Train Loss: 0.3177 - Train Acc: 0.8898 - Test Loss: 0.2989 - Test Acc: 0.8970
2026-03-08 03:40:15,412 - INFO - [ResNet_3A] Epoch 17/30 - Train Loss: 0.3126 - Train Acc: 0.8898 - Test Loss: 0.2969 - Test Acc: 0.8953
2026-03-08 03:40:37,380 - INFO - [ResNet_3A] Epoch 18/30 - Train Loss: 0.3105 - Train Acc: 0.8907 - Test Loss: 0.2991 - Test Acc: 0.8970
2026-03-08 03:40:58,354 - INFO - [ResNet_3A] Epoch 19/30 - Train Loss: 0.3104 - Train Acc: 0.8918 - Test Loss: 0.3007 - Test Acc: 0.8940
2026-03-08 03:41:19,167 - INFO - [ResNet_3A] Epoch 20/30 - Train Loss: 0.3106 - Train Acc: 0.8910 - Test Loss: 0.2947 - Test Acc: 0.8957
2026-03-08 03:41:40,145 - INFO - [ResNet_3A] Epoch 21/30 - Train Loss: 0.3003 - Train Acc: 0.8955 - Test Loss: 0.2896 - Test Acc: 0.9020
2026-03-08 03:42:00,986 - INFO - [ResNet_3A] Epoch 22/30 - Train Loss: 0.3066 - Train Acc: 0.8907 - Test Loss: 0.2930 - Test Acc: 0.8970
2026-03-08 03:42:19,535 - INFO - [ResNet_3A] Epoch 23/30 - Train Loss: 0.3005 - Train Acc: 0.8930 - Test Loss: 0.2905 - Test Acc: 0.8973
2026-03-08 03:42:38,693 - INFO - [ResNet_3A] Epoch 24/30 - Train Loss: 0.3055 - Train Acc: 0.8914 - Test Loss: 0.2897 - Test Acc: 0.8970
2026-03-08 03:42:57,508 - INFO - [ResNet_3A] Epoch 25/30 - Train Loss: 0.3009 - Train Acc: 0.8928 - Test Loss: 0.2901 - Test Acc: 0.8983
2026-03-08 03:43:16,384 - INFO - [ResNet_3A] Epoch 26/30 - Train Loss: 0.2953 - Train Acc: 0.8958 - Test Loss: 0.2859 - Test Acc: 0.9010
2026-03-08 03:43:35,239 - INFO - [ResNet_3A] Epoch 27/30 - Train Loss: 0.2934 - Train Acc: 0.8960 - Test Loss: 0.2889 - Test Acc: 0.9033
2026-03-08 03:43:55,331 - INFO - [ResNet_3A] Epoch 28/30 - Train Loss: 0.2893 - Train Acc: 0.8958 - Test Loss: 0.2868 - Test Acc: 0.9010
2026-03-08 03:44:14,423 - INFO - [ResNet_3A] Epoch 29/30 - Train Loss: 0.2985 - Train Acc: 0.8936 - Test Loss: 0.2847 - Test Acc: 0.9017
2026-03-08 03:44:33,318 - INFO - [ResNet_3A] Epoch 30/30 - Train Loss: 0.2936 - Train Acc: 0.8931 - Test Loss: 0.2868 - Test Acc: 0.8997
2026-03-08 03:44:33,327 - INFO - 

--- Phase 4: Transfer Learning (Scenario 3-B: Finetune Final Layers) ---
2026-03-08 03:44:53,143 - INFO - [ResNet_3B] Epoch 01/10 - Train Loss: 0.3486 - Train Acc: 0.8864 - Test Loss: 0.2073 - Test Acc: 0.9233
2026-03-08 03:45:12,574 - INFO - [ResNet_3B] Epoch 02/10 - Train Loss: 0.1560 - Train Acc: 0.9499 - Test Loss: 0.2024 - Test Acc: 0.9283
2026-03-08 03:45:31,727 - INFO - [ResNet_3B] Epoch 03/10 - Train Loss: 0.0827 - Train Acc: 0.9745 - Test Loss: 0.2110 - Test Acc: 0.9297
2026-03-08 03:45:51,167 - INFO - [ResNet_3B] Epoch 04/10 - Train Loss: 0.0426 - Train Acc: 0.9895 - Test Loss: 0.2241 - Test Acc: 0.9290
2026-03-08 03:46:13,559 - INFO - [ResNet_3B] Epoch 05/10 - Train Loss: 0.0283 - Train Acc: 0.9931 - Test Loss: 0.2190 - Test Acc: 0.9290
2026-03-08 03:46:37,881 - INFO - [ResNet_3B] Epoch 06/10 - Train Loss: 0.0194 - Train Acc: 0.9957 - Test Loss: 0.2512 - Test Acc: 0.9297
2026-03-08 03:47:00,645 - INFO - [ResNet_3B] Epoch 07/10 - Train Loss: 0.0166 - Train Acc: 0.9961 - Test Loss: 0.2614 - Test Acc: 0.9297
2026-03-08 03:47:19,905 - INFO - [ResNet_3B] Epoch 08/10 - Train Loss: 0.0149 - Train Acc: 0.9957 - Test Loss: 0.2927 - Test Acc: 0.9217
2026-03-08 03:47:39,229 - INFO - [ResNet_3B] Epoch 09/10 - Train Loss: 0.0148 - Train Acc: 0.9963 - Test Loss: 0.2894 - Test Acc: 0.9287
2026-03-08 03:47:57,922 - INFO - [ResNet_3B] Epoch 10/10 - Train Loss: 0.0156 - Train Acc: 0.9959 - Test Loss: 0.3142 - Test Acc: 0.9240
2026-03-08 03:47:57,930 - INFO - 

--- Phase 4: Transfer Learning (Scenario 3-B: Finetune Final Layers) ---
2026-03-08 03:48:17,648 - INFO - [ResNet_3B] Epoch 01/10 - Train Loss: 0.3517 - Train Acc: 0.8832 - Test Loss: 0.2042 - Test Acc: 0.9260
2026-03-08 03:48:36,766 - INFO - [ResNet_3B] Epoch 02/10 - Train Loss: 0.1565 - Train Acc: 0.9498 - Test Loss: 0.1864 - Test Acc: 0.9330
2026-03-08 03:48:55,898 - INFO - [ResNet_3B] Epoch 03/10 - Train Loss: 0.0775 - Train Acc: 0.9774 - Test Loss: 0.2089 - Test Acc: 0.9270
2026-03-08 03:49:14,888 - INFO - [ResNet_3B] Epoch 04/10 - Train Loss: 0.0408 - Train Acc: 0.9893 - Test Loss: 0.2314 - Test Acc: 0.9273
2026-03-08 03:49:36,154 - INFO - [ResNet_3B] Epoch 05/10 - Train Loss: 0.0278 - Train Acc: 0.9929 - Test Loss: 0.2326 - Test Acc: 0.9353
2026-03-08 03:49:54,953 - INFO - [ResNet_3B] Epoch 06/10 - Train Loss: 0.0195 - Train Acc: 0.9962 - Test Loss: 0.2559 - Test Acc: 0.9347
2026-03-08 03:50:14,332 - INFO - [ResNet_3B] Epoch 07/10 - Train Loss: 0.0160 - Train Acc: 0.9961 - Test Loss: 0.2844 - Test Acc: 0.9300
2026-03-08 03:50:33,457 - INFO - [ResNet_3B] Epoch 08/10 - Train Loss: 0.0186 - Train Acc: 0.9948 - Test Loss: 0.2808 - Test Acc: 0.9210
2026-03-08 03:50:52,197 - INFO - [ResNet_3B] Epoch 09/10 - Train Loss: 0.0167 - Train Acc: 0.9951 - Test Loss: 0.2933 - Test Acc: 0.9270
2026-03-08 03:51:10,719 - INFO - [ResNet_3B] Epoch 10/10 - Train Loss: 0.0156 - Train Acc: 0.9947 - Test Loss: 0.2848 - Test Acc: 0.9307
2026-03-08 03:51:21,409 - INFO - 

--- Plotting Loss Curves ---
2026-03-08 03:51:22,089 - INFO - 

--- Final Evaluation Matrix (Best Model: ResNet 3-B) ---
2026-03-08 03:51:25,302 - INFO - 

Full Evaluation Matrix DataFrame:
|              |   precision |   recall |   f1-score |   support |
|:-------------|------------:|---------:|-----------:|----------:|
| buildings    |      0.9276 |   0.9382 |     0.9329 |  437      |
| forest       |      0.9833 |   0.9916 |     0.9874 |  474      |
| glacier      |      0.8897 |   0.8752 |     0.8824 |  553      |
| mountain     |      0.891  |   0.8876 |     0.8893 |  525      |
| sea          |      0.9443 |   0.9647 |     0.9544 |  510      |
| street       |      0.9553 |   0.9381 |     0.9466 |  501      |
| accuracy     |      0.9307 |   0.9307 |     0.9307 |    0.9307 |
| macro avg    |      0.9319 |   0.9326 |     0.9322 | 3000      |
| weighted avg |      0.9305 |   0.9307 |     0.9305 | 3000      |
2026-03-08 03:54:28,336 - INFO - Plotting filters before training...
2026-03-08 03:54:28,495 - INFO - Plotting filters after training...
